// Jest Snapshot v1, https://goo.gl/fbAQLP

exports[`swipe item create 1`] = `
<div class="wv-swipe">
  <div class="wv-swipe__wrapper" style="padding-left: 0px; width: 100%; transition-duration: 0ms; transform: translate3d(0px, 0, 0);">
    <div class="wv-swipe-item" style="width: 0px; transform: translate3d(0px, 0, 0);"></div>
    <div class="wv-swipe-item" style="width: 0px; transform: translate3d(0px, 0, 0);"></div>
  </div>
  <!---->
</div>
`;
