// Jest Snapshot v1, https://goo.gl/fbAQLP

exports[`area picker create 1`] = `
<div>
  <div class="weui-mask" style="display: none;"></div>
  <div class="weui-picker" style="display: none;">
    <div class="weui-picker__hd">
      <div class="weui-picker__action">取消</div>
      <div class="weui-picker__action">确定</div>
    </div>
    <div class="weui-picker__bd" style="height: 238px;">
      <div class="weui-picker__group">
        <div class="weui-picker__mask" style="background-size: 100% 102px;"></div>
        <div class="weui-picker__indicator" style="top: 102px;"></div>
        <div class="weui-picker__content" style="transform: translate3d(0, 102px, 0);"></div>
      </div>
      <div class="weui-picker__group">
        <div class="weui-picker__mask" style="background-size: 100% 102px;"></div>
        <div class="weui-picker__indicator" style="top: 102px;"></div>
        <div class="weui-picker__content" style="transform: translate3d(0, 102px, 0);"></div>
      </div>
      <div class="weui-picker__group">
        <div class="weui-picker__mask" style="background-size: 100% 102px;"></div>
        <div class="weui-picker__indicator" style="top: 102px;"></div>
        <div class="weui-picker__content" style="transform: translate3d(0, 102px, 0);"></div>
      </div>
    </div>
  </div>
</div>
`;
